#
# There is insufficient memory for the Java Runtime Environment to continue.
# Native memory allocation (malloc) failed to allocate 1048576 bytes. Error detail: AllocateHeap
# Possible reasons:
#   The system is out of physical RAM or swap space
#   This process is running with CompressedOops enabled, and the Java Heap may be blocking the growth of the native heap
# Possible solutions:
#   Reduce memory load on the system
#   Increase physical memory or swap space
#   Check if swap backing store is full
#   Decrease Java heap size (-Xmx/-Xms)
#   Decrease number of Java threads
#   Decrease Java thread stack sizes (-Xss)
#   Set larger code cache with -XX:ReservedCodeCacheSize=
#   JVM is running with Unscaled Compressed Oops mode in which the Java heap is
#     placed in the first 4GB address space. The Java Heap base address is the
#     maximum limit for the native heap growth. Please use -XX:HeapBaseMinAddress
#     to set the Java Heap base and to place the Java Heap above 4GB virtual address.
# This output file may be truncated or incomplete.
#
#  Out of Memory Error (allocation.cpp:44), pid=24440, tid=13668
#
# JRE version: OpenJDK Runtime Environment Temurin-21.0.10+7 (21.0.10+7) (build 21.0.10+7-LTS)
# Java VM: OpenJDK 64-Bit Server VM Temurin-21.0.10+7 (21.0.10+7-LTS, mixed mode, sharing, tiered, compressed oops, compressed class ptrs, parallel gc, windows-amd64)
# No core dump will be written. Minidumps are not enabled by default on client versions of Windows
#

---------------  S U M M A R Y ------------

Command Line: --add-modules=ALL-SYSTEM --add-opens=java.base/java.util=ALL-UNNAMED --add-opens=java.base/java.lang=ALL-UNNAMED --add-opens=java.base/sun.nio.fs=ALL-UNNAMED -Declipse.application=org.eclipse.jdt.ls.core.id1 -Dosgi.bundles.defaultStartLevel=4 -Declipse.product=org.eclipse.jdt.ls.core.product -Djava.import.generatesMetadataFilesAtProjectRoot=false -DDetectVMInstallationsJob.disabled=true -Dfile.encoding=utf8 -XX:+UseParallelGC -XX:GCTimeRatio=4 -XX:AdaptiveSizePolicyWeight=90 -Dsun.zip.disableMemoryMapping=true -Xmx2G -Xms100m -Xlog:disable -javaagent:c:\Users\hilde\.vscode\extensions\redhat.java-1.54.0-win32-x64\lombok\lombok-1.18.39-4050.jar -XX:+HeapDumpOnOutOfMemoryError -XX:HeapDumpPath=c:\Users\hilde\AppData\Roaming\Code\User\workspaceStorage\356509c7eaad61859ffc207e272a6990\redhat.java -Daether.dependencyCollector.impl=bf c:\Users\hilde\.vscode\extensions\redhat.java-1.54.0-win32-x64\server\plugins\org.eclipse.equinox.launcher_1.7.100.v20251111-0406.jar -configuration c:\Users\hilde\AppData\Roaming\Code\User\globalStorage\redhat.java\1.54.0\config_win -data c:\Users\hilde\AppData\Roaming\Code\User\workspaceStorage\356509c7eaad61859ffc207e272a6990\redhat.java\jdt_ws --pipe=\\.\pipe\lsp-15e4acce828cbde295e47ad3df1c21fd-sock

Host: Intel(R) Core(TM) i3-2328M CPU @ 2.20GHz, 4 cores, 3G,  Windows 10 , 64 bit Build 19041 (10.0.19041.5915)
Time: Fri May  8 12:04:03 2026 Hora oficial do Brasil elapsed time: 68796.799038 seconds (0d 19h 6m 36s)

---------------  T H R E A D  ---------------

Current thread (0x000001961dd2c970):  JavaThread "Attach Listener" daemon [_thread_in_vm, id=13668, stack(0x0000003a0cf00000,0x0000003a0d000000) (1024K)]

Stack: [0x0000003a0cf00000,0x0000003a0d000000]
Native frames: (J=compiled Java code, j=interpreted, Vv=VM code, C=native code)
V  [jvm.dll+0x6d7a39]
V  [jvm.dll+0x8b4b26]
V  [jvm.dll+0x8b70de]
V  [jvm.dll+0x8b77c3]
V  [jvm.dll+0x284346]
V  [jvm.dll+0xc1277]
V  [jvm.dll+0x6d82e9]
V  [jvm.dll+0x1334a6]
V  [jvm.dll+0x3f857e]
V  [jvm.dll+0x85f59d]
V  [jvm.dll+0x6d626d]
C  [ucrtbase.dll+0x21bb2]
C  [KERNEL32.DLL+0x17374]
C  [ntdll.dll+0x4cc91]


---------------  P R O C E S S  ---------------

Threads class SMR info:
_java_thread_list=0x000001967c0550f0, length=37, elements={
0x000001961de3e1f0, 0x000001961dd285b0, 0x000001961dd29ec0, 0x000001961dd2ba50,
0x000001961dd2c970, 0x000001961dd30190, 0x000001961dd31c00, 0x000001961dd36a50,
0x000001961dd698d0, 0x00000196765088c0, 0x000001967677a690, 0x000001967b622fa0,
0x000001967b0ef280, 0x00000196765b2110, 0x00000196764ad930, 0x000001967b88ac30,
0x000001967ba31920, 0x000001967b424f50, 0x000001967be66f70, 0x000001967ce9c220,
0x000001967ce9cf40, 0x000001967cea1e00, 0x000001967cea0a50, 0x000001967ce9d5d0,
0x000001967cea2490, 0x000001967ce9e980, 0x000001967ce9e2f0, 0x000001967cea1770,
0x000001967c76f790, 0x000001967b77f840, 0x000001967b77eb20, 0x000001967b77fed0,
0x000001967b781910, 0x000001967c76ea70, 0x000001967c76d030, 0x000001967b41d1e0,
0x000001967b782630
}

Java Threads: ( => current thread )
  0x000001961de3e1f0 JavaThread "main"                              [_thread_blocked, id=14800, stack(0x0000003a0c800000,0x0000003a0c900000) (1024K)]
  0x000001961dd285b0 JavaThread "Reference Handler"          daemon [_thread_blocked, id=14856, stack(0x0000003a0cc00000,0x0000003a0cd00000) (1024K)]
  0x000001961dd29ec0 JavaThread "Finalizer"                  daemon [_thread_blocked, id=23920, stack(0x0000003a0cd00000,0x0000003a0ce00000) (1024K)]
  0x000001961dd2ba50 JavaThread "Signal Dispatcher"          daemon [_thread_blocked, id=23908, stack(0x0000003a0ce00000,0x0000003a0cf00000) (1024K)]
=>0x000001961dd2c970 JavaThread "Attach Listener"            daemon [_thread_in_vm, id=13668, stack(0x0000003a0cf00000,0x0000003a0d000000) (1024K)]
  0x000001961dd30190 JavaThread "Service Thread"             daemon [_thread_blocked, id=13788, stack(0x0000003a0d000000,0x0000003a0d100000) (1024K)]
  0x000001961dd31c00 JavaThread "Monitor Deflation Thread"   daemon [_thread_blocked, id=24760, stack(0x0000003a0d100000,0x0000003a0d200000) (1024K)]
  0x000001961dd36a50 JavaThread "C2 CompilerThread0"         daemon [_thread_blocked, id=23020, stack(0x0000003a0d200000,0x0000003a0d300000) (1024K)]
  0x000001961dd698d0 JavaThread "C1 CompilerThread0"         daemon [_thread_blocked, id=8112, stack(0x0000003a0d300000,0x0000003a0d400000) (1024K)]
  0x00000196765088c0 JavaThread "Common-Cleaner"             daemon [_thread_blocked, id=24404, stack(0x0000003a0d400000,0x0000003a0d500000) (1024K)]
  0x000001967677a690 JavaThread "Notification Thread"        daemon [_thread_blocked, id=23872, stack(0x0000003a0d500000,0x0000003a0d600000) (1024K)]
  0x000001967b622fa0 JavaThread "Active Thread: Equinox Container: c5e22118-f65d-4012-a56f-095db9b56c9c"        [_thread_blocked, id=6884, stack(0x0000003a0d900000,0x0000003a0da00000) (1024K)]
  0x000001967b0ef280 JavaThread "Refresh Thread: Equinox Container: c5e22118-f65d-4012-a56f-095db9b56c9c" daemon [_thread_blocked, id=25392, stack(0x0000003a0da00000,0x0000003a0db00000) (1024K)]
  0x00000196765b2110 JavaThread "Framework Event Dispatcher: Equinox Container: c5e22118-f65d-4012-a56f-095db9b56c9c" daemon [_thread_blocked, id=15416, stack(0x0000003a0db00000,0x0000003a0dc00000) (1024K)]
  0x00000196764ad930 JavaThread "Start Level: Equinox Container: c5e22118-f65d-4012-a56f-095db9b56c9c" daemon [_thread_blocked, id=16300, stack(0x0000003a0dc00000,0x0000003a0dd00000) (1024K)]
  0x000001967b88ac30 JavaThread "Bundle File Closer"         daemon [_thread_blocked, id=24188, stack(0x0000003a0dd00000,0x0000003a0de00000) (1024K)]
  0x000001967ba31920 JavaThread "SCR Component Actor"        daemon [_thread_blocked, id=12028, stack(0x0000003a0de00000,0x0000003a0df00000) (1024K)]
  0x000001967b424f50 JavaThread "Worker-JM"                         [_thread_blocked, id=14912, stack(0x0000003a0df00000,0x0000003a0e000000) (1024K)]
  0x000001967be66f70 JavaThread "Java indexing"              daemon [_thread_blocked, id=25096, stack(0x0000003a0e300000,0x0000003a0e400000) (1024K)]
  0x000001967ce9c220 JavaThread "JNA Cleaner"                daemon [_thread_blocked, id=17348, stack(0x0000003a0e500000,0x0000003a0e600000) (1024K)]
  0x000001967ce9cf40 JavaThread "Thread-1"                   daemon [_thread_in_native, id=15992, stack(0x0000003a0e800000,0x0000003a0e900000) (1024K)]
  0x000001967cea1e00 JavaThread "Thread-2"                   daemon [_thread_in_native, id=23256, stack(0x0000003a0e900000,0x0000003a0ea00000) (1024K)]
  0x000001967cea0a50 JavaThread "Thread-3"                   daemon [_thread_in_native, id=17520, stack(0x0000003a0ea00000,0x0000003a0eb00000) (1024K)]
  0x000001967ce9d5d0 JavaThread "Thread-4"                   daemon [_thread_in_native, id=18324, stack(0x0000003a0eb00000,0x0000003a0ec00000) (1024K)]
  0x000001967cea2490 JavaThread "Thread-5"                   daemon [_thread_in_native, id=11124, stack(0x0000003a0ec00000,0x0000003a0ed00000) (1024K)]
  0x000001967ce9e980 JavaThread "pool-2-thread-1"                   [_thread_blocked, id=1352, stack(0x0000003a0ed00000,0x0000003a0ee00000) (1024K)]
  0x000001967ce9e2f0 JavaThread "WorkspaceEventsHandler"            [_thread_blocked, id=18956, stack(0x0000003a0ee00000,0x0000003a0ef00000) (1024K)]
  0x000001967cea1770 JavaThread "pool-1-thread-1"                   [_thread_blocked, id=16856, stack(0x0000003a0ef00000,0x0000003a0f000000) (1024K)]
  0x000001967c76f790 JavaThread "Cleaner-0"                  daemon [_thread_blocked, id=16924, stack(0x0000003a0f700000,0x0000003a0f800000) (1024K)]
  0x000001967b77f840 JavaThread "Java Debug Server"          daemon [_thread_in_native, id=7408, stack(0x0000003a0fa00000,0x0000003a0fb00000) (1024K)]
  0x000001967b77eb20 JavaThread "RxSchedulerPurge-1"         daemon [_thread_blocked, id=13084, stack(0x0000003a0fc00000,0x0000003a0fd00000) (1024K)]
  0x000001967b77fed0 JavaThread "RxCachedWorkerPoolEvictor-1" daemon [_thread_blocked, id=10328, stack(0x0000003a0fd00000,0x0000003a0fe00000) (1024K)]
  0x000001967b781910 JavaThread "Worker-45"                         [_thread_blocked, id=10624, stack(0x0000003a0e200000,0x0000003a0e300000) (1024K)]
  0x000001967c76ea70 JavaThread "Worker-48"                         [_thread_blocked, id=16784, stack(0x0000003a0e100000,0x0000003a0e200000) (1024K)]
  0x000001967c76d030 JavaThread "pool-16-thread-3"                  [_thread_in_native, id=12160, stack(0x0000003a0e700000,0x0000003a0e800000) (1024K)]
  0x000001967b41d1e0 JavaThread "process reaper (pid 19496)" daemon [_thread_in_native, id=12084, stack(0x0000003a0c340000,0x0000003a0c360000) (128K)]
  0x000001967b782630 JavaThread "RxNewThreadScheduler-7"     daemon [_thread_blocked, id=16008, stack(0x0000003a0e400000,0x0000003a0e500000) (1024K)]
Total: 37

Other Threads:
  0x000001961dd0c880 VMThread "VM Thread"                           [id=22156, stack(0x0000003a0cb00000,0x0000003a0cc00000) (1024K)]
  0x000001961df037d0 WatcherThread "VM Periodic Task Thread"        [id=24288, stack(0x0000003a0ca00000,0x0000003a0cb00000) (1024K)]
  0x000001961de5c600 WorkerThread "GC Thread#0"                     [id=22688, stack(0x0000003a0c900000,0x0000003a0ca00000) (1024K)]
  0x0000019676822050 WorkerThread "GC Thread#1"                     [id=16552, stack(0x0000003a0d600000,0x0000003a0d700000) (1024K)]
  0x0000019676822800 WorkerThread "GC Thread#2"                     [id=17920, stack(0x0000003a0d700000,0x0000003a0d800000) (1024K)]
  0x0000019676822bb0 WorkerThread "GC Thread#3"                     [id=23356, stack(0x0000003a0d800000,0x0000003a0d900000) (1024K)]
Total: 6

Threads with active compile tasks:
Total: 0

VM state: not at safepoint (normal execution)

VM Mutex/Monitor currently owned by a thread: None

Heap address: 0x0000000080000000, size: 2048 MB, Compressed Oops mode: 32-bit

CDS archive(s) mapped at: [0x0000019635000000-0x0000019635ba0000-0x0000019635ba0000), size 12189696, SharedBaseAddress: 0x0000019635000000, ArchiveRelocationMode: 1.
Compressed class space mapped at: 0x0000019636000000-0x0000019676000000, reserved size: 1073741824
Narrow klass base: 0x0000019635000000, Narrow klass shift: 0, Narrow klass range: 0x100000000

GC Precious Log:
 CardTable entry size: 512
 CPUs: 4 total, 4 available
 Memory: 3989M
 Large Page Support: Disabled
 NUMA Support: Disabled
 Compressed Oops: Enabled (32-bit)
 Alignments: Space 512K, Generation 512K, Heap 2M
 Heap Min Capacity: 100M
 Heap Initial Capacity: 100M
 Heap Max Capacity: 2G
 Pre-touch: Disabled
 Parallel Workers: 4

Heap:
 PSYoungGen      total 11776K, used 5359K [0x00000000d5580000, 0x00000000d6680000, 0x0000000100000000)
  eden space 11264K, 43% used [0x00000000d5580000,0x00000000d5a3bf58,0x00000000d6080000)
  from space 512K, 100% used [0x00000000d6600000,0x00000000d6680000,0x00000000d6680000)
  to   space 3072K, 0% used [0x00000000d6080000,0x00000000d6080000,0x00000000d6380000)
 ParOldGen       total 1335808K, used 385866K [0x0000000080000000, 0x00000000d1880000, 0x00000000d5580000)
  object space 1335808K, 28% used [0x0000000080000000,0x00000000978d2b10,0x00000000d1880000)
 Metaspace       used 104093K, committed 106944K, reserved 1179648K
  class space    used 10746K, committed 12032K, reserved 1048576K

Card table byte_map: [0x000001961d7f0000,0x000001961dc00000] _byte_map_base: 0x000001961d3f0000

Marking Bits: (ParMarkBitMap*) 0x00007ff91ca03450
 Begin Bits: [0x0000019630300000, 0x0000019632300000)
 End Bits:   [0x0000019632300000, 0x0000019634300000)

Polling page: 0x000001961be80000

Metaspace:

Usage:
  Non-class:     91.16 MB used.
      Class:     10.49 MB used.
       Both:    101.65 MB used.

Virtual space:
  Non-class space:      128.00 MB reserved,      92.69 MB ( 72%) committed,  2 nodes.
      Class space:        1.00 GB reserved,      11.75 MB (  1%) committed,  1 nodes.
             Both:        1.12 GB reserved,     104.44 MB (  9%) committed. 

Chunk freelists:
   Non-Class:  3.83 MB
       Class:  4.62 MB
        Both:  8.45 MB

MaxMetaspaceSize: unlimited
CompressedClassSpaceSize: 1.00 GB
Initial GC threshold: 21.00 MB
Current GC threshold: 174.06 MB
CDS: on
 - commit_granule_bytes: 65536.
 - commit_granule_words: 8192.
 - virtual_space_node_default_size: 8388608.
 - enlarge_chunks_in_place: 1.
 - use_allocation_guard: 0.


Internal statistics:

num_allocs_failed_limit: 9.
num_arena_births: 2086.
num_arena_deaths: 408.
num_vsnodes_births: 3.
num_vsnodes_deaths: 0.
num_space_committed: 1711.
num_space_uncommitted: 26.
num_chunks_returned_to_freelist: 654.
num_chunks_taken_from_freelist: 7426.
num_chunk_merges: 163.
num_chunk_splits: 4411.
num_chunks_enlarged: 2490.
num_inconsistent_stats: 0.

CodeHeap 'non-profiled nmethods': size=120000Kb used=26365Kb max_used=26365Kb free=93634Kb
 bounds [0x0000019628b20000, 0x000001962a4e0000, 0x0000019630050000]
CodeHeap 'profiled nmethods': size=120000Kb used=49212Kb max_used=51111Kb free=70787Kb
 bounds [0x0000019621050000, 0x0000019624250000, 0x0000019628580000]
CodeHeap 'non-nmethods': size=5760Kb used=1559Kb max_used=1632Kb free=4200Kb
 bounds [0x0000019628580000, 0x00000196287f0000, 0x0000019628b20000]
CodeCache: size=245760Kb, used=77136Kb, max_used=79108Kb, free=168621Kb
 total_blobs=21416, nmethods=20527, adapters=791, full_count=0
Compilation: enabled, stopped_count=0, restarted_count=0

Compilation events (20 events):
Event: 68174.111 Thread 0x000001961dd698d0 28631       3       org.eclipse.m2e.core.internal.embedder.MavenExecutionContext$$Lambda/0x0000019636273788::get (10 bytes)
Event: 68174.185 Thread 0x000001961dd698d0 nmethod 28631 0x0000019623613d90 code [0x0000019623613f40, 0x00000196236140d8]
Event: 68174.298 Thread 0x000001961dd698d0 28634       3       org.apache.maven.execution.DefaultMavenExecutionRequest::setInteractiveMode (7 bytes)
Event: 68174.318 Thread 0x000001961dd698d0 nmethod 28634 0x0000019623ca4490 code [0x0000019623ca4620, 0x0000019623ca4738]
Event: 68174.318 Thread 0x000001961dd698d0 28635       3       org.apache.maven.execution.DefaultMavenExecutionRequest::setPluginGroups (26 bytes)
Event: 68174.338 Thread 0x000001961dd698d0 nmethod 28635 0x00000196236c5210 code [0x00000196236c53c0, 0x00000196236c55f0]
Event: 68174.338 Thread 0x000001961dd698d0 28636       3       org.apache.maven.execution.DefaultMavenExecutionRequest::setActiveProfiles (26 bytes)
Event: 68174.338 Thread 0x000001961dd698d0 nmethod 28636 0x0000019623996a90 code [0x0000019623996c40, 0x0000019623996e78]
Event: 68174.356 Thread 0x000001961dd698d0 28637       3       org.apache.maven.execution.DefaultMavenExecutionRequest::setLocalRepository (32 bytes)
Event: 68174.602 Thread 0x000001961dd698d0 nmethod 28637 0x0000019623a75f90 code [0x0000019623a76160, 0x0000019623a76518]
Event: 68174.603 Thread 0x000001961dd698d0 28639       3       org.apache.maven.execution.DefaultMavenExecutionRequest::setCacheNotFound (7 bytes)
Event: 68174.604 Thread 0x000001961dd698d0 nmethod 28639 0x0000019623cad590 code [0x0000019623cad720, 0x0000019623cad838]
Event: 68174.604 Thread 0x000001961dd698d0 28640       3       org.apache.maven.execution.DefaultMavenExecutionRequest::setCacheTransferError (7 bytes)
Event: 68174.605 Thread 0x000001961dd698d0 nmethod 28640 0x0000019623d43510 code [0x0000019623d436a0, 0x0000019623d437b8]
Event: 68174.636 Thread 0x000001961dd698d0 28641       3       org.apache.maven.repository.internal.MavenRepositorySystemUtils::newSession (458 bytes)
Event: 68174.872 Thread 0x000001961dd698d0 nmethod 28641 0x0000019623a57790 code [0x0000019623a57f40, 0x0000019623a5cd40]
Event: 68185.891 Thread 0x000001961dd36a50 28644       4       com.google.gson.internal.bind.TypeAdapterRuntimeTypeWrapper::read (9 bytes)
Event: 68186.193 Thread 0x000001961dd36a50 nmethod 28644 0x000001962a4de110 code [0x000001962a4de440, 0x000001962a4dee60]
Event: 68186.201 Thread 0x000001961dd698d0 28645       3       com.google.gson.internal.bind.JsonTreeReader::push (76 bytes)
Event: 68186.205 Thread 0x000001961dd698d0 nmethod 28645 0x00000196223b1610 code [0x00000196223b1800, 0x00000196223b1df8]

GC Heap History (20 events):
Event: 3934.763 GC heap before
{Heap before GC invocations=4868 (full 7):
 PSYoungGen      total 17920K, used 17791K [0x00000000d5580000, 0x00000000d7380000, 0x0000000100000000)
  eden space 16896K, 100% used [0x00000000d5580000,0x00000000d6600000,0x00000000d6600000)
  from space 1024K, 87% used [0x00000000d7280000,0x00000000d735fc28,0x00000000d7380000)
  to   space 1536K, 0% used [0x00000000d7080000,0x00000000d7080000,0x00000000d7200000)
 ParOldGen       total 1335808K, used 334547K [0x0000000080000000, 0x00000000d1880000, 0x00000000d5580000)
  object space 1335808K, 25% used [0x0000000080000000,0x00000000946b4d88,0x00000000d1880000)
 Metaspace       used 104040K, committed 106944K, reserved 1179648K
  class space    used 10746K, committed 12032K, reserved 1048576K
}
Event: 3934.778 GC heap after
{Heap after GC invocations=4868 (full 7):
 PSYoungGen      total 18432K, used 1385K [0x00000000d5580000, 0x00000000d7300000, 0x0000000100000000)
  eden space 16896K, 0% used [0x00000000d5580000,0x00000000d5580000,0x00000000d6600000)
  from space 1536K, 90% used [0x00000000d7080000,0x00000000d71da440,0x00000000d7200000)
  to   space 1024K, 0% used [0x00000000d7200000,0x00000000d7200000,0x00000000d7300000)
 ParOldGen       total 1335808K, used 334651K [0x0000000080000000, 0x00000000d1880000, 0x00000000d5580000)
  object space 1335808K, 25% used [0x0000000080000000,0x00000000946ced88,0x00000000d1880000)
 Metaspace       used 104040K, committed 106944K, reserved 1179648K
  class space    used 10746K, committed 12032K, reserved 1048576K
}
Event: 3936.016 GC heap before
{Heap before GC invocations=4869 (full 7):
 PSYoungGen      total 18432K, used 18281K [0x00000000d5580000, 0x00000000d7300000, 0x0000000100000000)
  eden space 16896K, 100% used [0x00000000d5580000,0x00000000d6600000,0x00000000d6600000)
  from space 1536K, 90% used [0x00000000d7080000,0x00000000d71da440,0x00000000d7200000)
  to   space 1024K, 0% used [0x00000000d7200000,0x00000000d7200000,0x00000000d7300000)
 ParOldGen       total 1335808K, used 334651K [0x0000000080000000, 0x00000000d1880000, 0x00000000d5580000)
  object space 1335808K, 25% used [0x0000000080000000,0x00000000946ced88,0x00000000d1880000)
 Metaspace       used 104040K, committed 106944K, reserved 1179648K
  class space    used 10746K, committed 12032K, reserved 1048576K
}
Event: 3936.219 GC heap after
{Heap after GC invocations=4869 (full 7):
 PSYoungGen      total 13312K, used 995K [0x00000000d5580000, 0x00000000d8700000, 0x0000000100000000)
  eden space 12288K, 0% used [0x00000000d5580000,0x00000000d5580000,0x00000000d6180000)
  from space 1024K, 97% used [0x00000000d7200000,0x00000000d72f8dd8,0x00000000d7300000)
  to   space 16896K, 0% used [0x00000000d6180000,0x00000000d6180000,0x00000000d7200000)
 ParOldGen       total 1335808K, used 347872K [0x0000000080000000, 0x00000000d1880000, 0x00000000d5580000)
  object space 1335808K, 26% used [0x0000000080000000,0x00000000953b8080,0x00000000d1880000)
 Metaspace       used 104040K, committed 106944K, reserved 1179648K
  class space    used 10746K, committed 12032K, reserved 1048576K
}
Event: 3936.377 GC heap before
{Heap before GC invocations=4870 (full 7):
 PSYoungGen      total 13312K, used 13283K [0x00000000d5580000, 0x00000000d8700000, 0x0000000100000000)
  eden space 12288K, 100% used [0x00000000d5580000,0x00000000d6180000,0x00000000d6180000)
  from space 1024K, 97% used [0x00000000d7200000,0x00000000d72f8dd8,0x00000000d7300000)
  to   space 16896K, 0% used [0x00000000d6180000,0x00000000d6180000,0x00000000d7200000)
 ParOldGen       total 1335808K, used 347872K [0x0000000080000000, 0x00000000d1880000, 0x00000000d5580000)
  object space 1335808K, 26% used [0x0000000080000000,0x00000000953b8080,0x00000000d1880000)
 Metaspace       used 104041K, committed 106944K, reserved 1179648K
  class space    used 10746K, committed 12032K, reserved 1048576K
}
Event: 3936.394 GC heap after
{Heap after GC invocations=4870 (full 7):
 PSYoungGen      total 17920K, used 5377K [0x00000000d5580000, 0x00000000d7280000, 0x0000000100000000)
  eden space 12288K, 0% used [0x00000000d5580000,0x00000000d5580000,0x00000000d6180000)
  from space 5632K, 95% used [0x00000000d6180000,0x00000000d66c04c8,0x00000000d6700000)
  to   space 8704K, 0% used [0x00000000d6a00000,0x00000000d6a00000,0x00000000d7280000)
 ParOldGen       total 1335808K, used 348304K [0x0000000080000000, 0x00000000d1880000, 0x00000000d5580000)
  object space 1335808K, 26% used [0x0000000080000000,0x0000000095424090,0x00000000d1880000)
 Metaspace       used 104041K, committed 106944K, reserved 1179648K
  class space    used 10746K, committed 12032K, reserved 1048576K
}
Event: 3936.682 GC heap before
{Heap before GC invocations=4871 (full 7):
 PSYoungGen      total 17920K, used 17665K [0x00000000d5580000, 0x00000000d7280000, 0x0000000100000000)
  eden space 12288K, 100% used [0x00000000d5580000,0x00000000d6180000,0x00000000d6180000)
  from space 5632K, 95% used [0x00000000d6180000,0x00000000d66c04c8,0x00000000d6700000)
  to   space 8704K, 0% used [0x00000000d6a00000,0x00000000d6a00000,0x00000000d7280000)
 ParOldGen       total 1335808K, used 348304K [0x0000000080000000, 0x00000000d1880000, 0x00000000d5580000)
  object space 1335808K, 26% used [0x0000000080000000,0x0000000095424090,0x00000000d1880000)
 Metaspace       used 104041K, committed 106944K, reserved 1179648K
  class space    used 10746K, committed 12032K, reserved 1048576K
}
Event: 3936.700 GC heap after
{Heap after GC invocations=4871 (full 7):
 PSYoungGen      total 19968K, used 8698K [0x00000000d5580000, 0x00000000d7480000, 0x0000000100000000)
  eden space 11264K, 0% used [0x00000000d5580000,0x00000000d5580000,0x00000000d6080000)
  from space 8704K, 99% used [0x00000000d6a00000,0x00000000d727e870,0x00000000d7280000)
  to   space 9728K, 0% used [0x00000000d6080000,0x00000000d6080000,0x00000000d6a00000)
 ParOldGen       total 1335808K, used 348408K [0x0000000080000000, 0x00000000d1880000, 0x00000000d5580000)
  object space 1335808K, 26% used [0x0000000080000000,0x000000009543e0a0,0x00000000d1880000)
 Metaspace       used 104041K, committed 106944K, reserved 1179648K
  class space    used 10746K, committed 12032K, reserved 1048576K
}
Event: 3936.930 GC heap before
{Heap before GC invocations=4872 (full 7):
 PSYoungGen      total 19968K, used 19962K [0x00000000d5580000, 0x00000000d7480000, 0x0000000100000000)
  eden space 11264K, 99% used [0x00000000d5580000,0x00000000d607ffd0,0x00000000d6080000)
  from space 8704K, 99% used [0x00000000d6a00000,0x00000000d727e870,0x00000000d7280000)
  to   space 9728K, 0% used [0x00000000d6080000,0x00000000d6080000,0x00000000d6a00000)
 ParOldGen       total 1335808K, used 371448K [0x0000000080000000, 0x00000000d1880000, 0x00000000d5580000)
  object space 1335808K, 27% used [0x0000000080000000,0x0000000096abe0c0,0x00000000d1880000)
 Metaspace       used 104042K, committed 106944K, reserved 1179648K
  class space    used 10746K, committed 12032K, reserved 1048576K
}
Event: 3936.950 GC heap after
{Heap after GC invocations=4872 (full 7):
 PSYoungGen      total 13312K, used 1728K [0x00000000d5580000, 0x00000000d6a80000, 0x0000000100000000)
  eden space 11264K, 0% used [0x00000000d5580000,0x00000000d5580000,0x00000000d6080000)
  from space 2048K, 84% used [0x00000000d6080000,0x00000000d6230000,0x00000000d6280000)
  to   space 4608K, 0% used [0x00000000d6600000,0x00000000d6600000,0x00000000d6a80000)
 ParOldGen       total 1335808K, used 380026K [0x0000000080000000, 0x00000000d1880000, 0x00000000d5580000)
  object space 1335808K, 28% used [0x0000000080000000,0x000000009731e930,0x00000000d1880000)
 Metaspace       used 104042K, committed 106944K, reserved 1179648K
  class space    used 10746K, committed 12032K, reserved 1048576K
}
Event: 3937.550 GC heap before
{Heap before GC invocations=4873 (full 7):
 PSYoungGen      total 13312K, used 12992K [0x00000000d5580000, 0x00000000d6a80000, 0x0000000100000000)
  eden space 11264K, 100% used [0x00000000d5580000,0x00000000d6080000,0x00000000d6080000)
  from space 2048K, 84% used [0x00000000d6080000,0x00000000d6230000,0x00000000d6280000)
  to   space 4608K, 0% used [0x00000000d6600000,0x00000000d6600000,0x00000000d6a80000)
 ParOldGen       total 1335808K, used 380026K [0x0000000080000000, 0x00000000d1880000, 0x00000000d5580000)
  object space 1335808K, 28% used [0x0000000080000000,0x000000009731e930,0x00000000d1880000)
 Metaspace       used 104042K, committed 106944K, reserved 1179648K
  class space    used 10746K, committed 12032K, reserved 1048576K
}
Event: 3937.555 GC heap after
{Heap after GC invocations=4873 (full 7):
 PSYoungGen      total 11776K, used 346K [0x00000000d5580000, 0x00000000d6680000, 0x0000000100000000)
  eden space 11264K, 0% used [0x00000000d5580000,0x00000000d5580000,0x00000000d6080000)
  from space 512K, 67% used [0x00000000d6600000,0x00000000d66568f0,0x00000000d6680000)
  to   space 1536K, 0% used [0x00000000d6380000,0x00000000d6380000,0x00000000d6500000)
 ParOldGen       total 1335808K, used 381602K [0x0000000080000000, 0x00000000d1880000, 0x00000000d5580000)
  object space 1335808K, 28% used [0x0000000080000000,0x00000000974a8930,0x00000000d1880000)
 Metaspace       used 104042K, committed 106944K, reserved 1179648K
  class space    used 10746K, committed 12032K, reserved 1048576K
}
Event: 56464.466 GC heap before
{Heap before GC invocations=4874 (full 7):
 PSYoungGen      total 11776K, used 11610K [0x00000000d5580000, 0x00000000d6680000, 0x0000000100000000)
  eden space 11264K, 99% used [0x00000000d5580000,0x00000000d607fff0,0x00000000d6080000)
  from space 512K, 67% used [0x00000000d6600000,0x00000000d66568f0,0x00000000d6680000)
  to   space 1536K, 0% used [0x00000000d6380000,0x00000000d6380000,0x00000000d6500000)
 ParOldGen       total 1335808K, used 381602K [0x0000000080000000, 0x00000000d1880000, 0x00000000d5580000)
  object space 1335808K, 28% used [0x0000000080000000,0x00000000974a8930,0x00000000d1880000)
 Metaspace       used 104056K, committed 106944K, reserved 1179648K
  class space    used 10746K, committed 12032K, reserved 1048576K
}
Event: 56465.707 GC heap after
{Heap after GC invocations=4874 (full 7):
 PSYoungGen      total 12800K, used 192K [0x00000000d5580000, 0x00000000d6680000, 0x0000000100000000)
  eden space 11264K, 0% used [0x00000000d5580000,0x00000000d5580000,0x00000000d6080000)
  from space 1536K, 12% used [0x00000000d6380000,0x00000000d63b0020,0x00000000d6500000)
  to   space 512K, 0% used [0x00000000d6600000,0x00000000d6600000,0x00000000d6680000)
 ParOldGen       total 1335808K, used 381714K [0x0000000080000000, 0x00000000d1880000, 0x00000000d5580000)
  object space 1335808K, 28% used [0x0000000080000000,0x00000000974c4940,0x00000000d1880000)
 Metaspace       used 104056K, committed 106944K, reserved 1179648K
  class space    used 10746K, committed 12032K, reserved 1048576K
}
Event: 63158.328 GC heap before
{Heap before GC invocations=4875 (full 7):
 PSYoungGen      total 12800K, used 11456K [0x00000000d5580000, 0x00000000d6680000, 0x0000000100000000)
  eden space 11264K, 100% used [0x00000000d5580000,0x00000000d6080000,0x00000000d6080000)
  from space 1536K, 12% used [0x00000000d6380000,0x00000000d63b0020,0x00000000d6500000)
  to   space 512K, 0% used [0x00000000d6600000,0x00000000d6600000,0x00000000d6680000)
 ParOldGen       total 1335808K, used 381714K [0x0000000080000000, 0x00000000d1880000, 0x00000000d5580000)
  object space 1335808K, 28% used [0x0000000080000000,0x00000000974c4940,0x00000000d1880000)
 Metaspace       used 104058K, committed 106944K, reserved 1179648K
  class space    used 10746K, committed 12032K, reserved 1048576K
}
Event: 63159.252 GC heap after
{Heap after GC invocations=4875 (full 7):
 PSYoungGen      total 11776K, used 128K [0x00000000d5580000, 0x00000000d6680000, 0x0000000100000000)
  eden space 11264K, 0% used [0x00000000d5580000,0x00000000d5580000,0x00000000d6080000)
  from space 512K, 25% used [0x00000000d6600000,0x00000000d6620000,0x00000000d6680000)
  to   space 512K, 0% used [0x00000000d6580000,0x00000000d6580000,0x00000000d6600000)
 ParOldGen       total 1335808K, used 381874K [0x0000000080000000, 0x00000000d1880000, 0x00000000d5580000)
  object space 1335808K, 28% used [0x0000000080000000,0x00000000974ec9a0,0x00000000d1880000)
 Metaspace       used 104058K, committed 106944K, reserved 1179648K
  class space    used 10746K, committed 12032K, reserved 1048576K
}
Event: 68141.849 GC heap before
{Heap before GC invocations=4876 (full 7):
 PSYoungGen      total 11776K, used 11392K [0x00000000d5580000, 0x00000000d6680000, 0x0000000100000000)
  eden space 11264K, 100% used [0x00000000d5580000,0x00000000d6080000,0x00000000d6080000)
  from space 512K, 25% used [0x00000000d6600000,0x00000000d6620000,0x00000000d6680000)
  to   space 512K, 0% used [0x00000000d6580000,0x00000000d6580000,0x00000000d6600000)
 ParOldGen       total 1335808K, used 381874K [0x0000000080000000, 0x00000000d1880000, 0x00000000d5580000)
  object space 1335808K, 28% used [0x0000000080000000,0x00000000974ec9a0,0x00000000d1880000)
 Metaspace       used 104079K, committed 106944K, reserved 1179648K
  class space    used 10746K, committed 12032K, reserved 1048576K
}
Event: 68142.719 GC heap after
{Heap after GC invocations=4876 (full 7):
 PSYoungGen      total 11776K, used 511K [0x00000000d5580000, 0x00000000d6680000, 0x0000000100000000)
  eden space 11264K, 0% used [0x00000000d5580000,0x00000000d5580000,0x00000000d6080000)
  from space 512K, 99% used [0x00000000d6580000,0x00000000d65ffe98,0x00000000d6600000)
  to   space 512K, 0% used [0x00000000d6600000,0x00000000d6600000,0x00000000d6680000)
 ParOldGen       total 1335808K, used 383603K [0x0000000080000000, 0x00000000d1880000, 0x00000000d5580000)
  object space 1335808K, 28% used [0x0000000080000000,0x000000009769cc78,0x00000000d1880000)
 Metaspace       used 104079K, committed 106944K, reserved 1179648K
  class space    used 10746K, committed 12032K, reserved 1048576K
}
Event: 68182.957 GC heap before
{Heap before GC invocations=4877 (full 7):
 PSYoungGen      total 11776K, used 11775K [0x00000000d5580000, 0x00000000d6680000, 0x0000000100000000)
  eden space 11264K, 100% used [0x00000000d5580000,0x00000000d6080000,0x00000000d6080000)
  from space 512K, 99% used [0x00000000d6580000,0x00000000d65ffe98,0x00000000d6600000)
  to   space 512K, 0% used [0x00000000d6600000,0x00000000d6600000,0x00000000d6680000)
 ParOldGen       total 1335808K, used 383603K [0x0000000080000000, 0x00000000d1880000, 0x00000000d5580000)
  object space 1335808K, 28% used [0x0000000080000000,0x000000009769cc78,0x00000000d1880000)
 Metaspace       used 104093K, committed 106944K, reserved 1179648K
  class space    used 10746K, committed 12032K, reserved 1048576K
}
Event: 68182.991 GC heap after
{Heap after GC invocations=4877 (full 7):
 PSYoungGen      total 11776K, used 512K [0x00000000d5580000, 0x00000000d6680000, 0x0000000100000000)
  eden space 11264K, 0% used [0x00000000d5580000,0x00000000d5580000,0x00000000d6080000)
  from space 512K, 100% used [0x00000000d6600000,0x00000000d6680000,0x00000000d6680000)
  to   space 3072K, 0% used [0x00000000d6080000,0x00000000d6080000,0x00000000d6380000)
 ParOldGen       total 1335808K, used 385866K [0x0000000080000000, 0x00000000d1880000, 0x00000000d5580000)
  object space 1335808K, 28% used [0x0000000080000000,0x00000000978d2b10,0x00000000d1880000)
 Metaspace       used 104093K, committed 106944K, reserved 1179648K
  class space    used 10746K, committed 12032K, reserved 1048576K
}

Dll operation events (14 events):
Event: 0.025 Loaded shared library c:\Users\hilde\.vscode\extensions\redhat.java-1.54.0-win32-x64\jre\21.0.10-win32-x86_64\bin\java.dll
Event: 0.317 Loaded shared library c:\Users\hilde\.vscode\extensions\redhat.java-1.54.0-win32-x64\jre\21.0.10-win32-x86_64\bin\zip.dll
Event: 0.457 Loaded shared library C:\Users\hilde\.vscode\extensions\redhat.java-1.54.0-win32-x64\jre\21.0.10-win32-x86_64\bin\instrument.dll
Event: 0.510 Loaded shared library C:\Users\hilde\.vscode\extensions\redhat.java-1.54.0-win32-x64\jre\21.0.10-win32-x86_64\bin\net.dll
Event: 0.515 Loaded shared library C:\Users\hilde\.vscode\extensions\redhat.java-1.54.0-win32-x64\jre\21.0.10-win32-x86_64\bin\nio.dll
Event: 0.524 Loaded shared library C:\Users\hilde\.vscode\extensions\redhat.java-1.54.0-win32-x64\jre\21.0.10-win32-x86_64\bin\zip.dll
Event: 0.576 Loaded shared library C:\Users\hilde\.vscode\extensions\redhat.java-1.54.0-win32-x64\jre\21.0.10-win32-x86_64\bin\jimage.dll
Event: 0.869 Loaded shared library c:\Users\hilde\.vscode\extensions\redhat.java-1.54.0-win32-x64\jre\21.0.10-win32-x86_64\bin\verify.dll
Event: 20.121 Loaded shared library C:\Users\hilde\AppData\Roaming\Code\User\globalStorage\redhat.java\1.54.0\config_win\org.eclipse.equinox.launcher\org.eclipse.equinox.launcher.win32.win32.x86_64_1.3.0.v20260203-2149\eclipse_11919.dll
Event: 41.444 Loaded shared library C:\Users\hilde\.vscode\extensions\redhat.java-1.54.0-win32-x64\jre\21.0.10-win32-x86_64\bin\management.dll
Event: 41.448 Loaded shared library C:\Users\hilde\.vscode\extensions\redhat.java-1.54.0-win32-x64\jre\21.0.10-win32-x86_64\bin\management_ext.dll
Event: 45.270 Loaded shared library C:\Users\hilde\AppData\Local\Temp\jna-99281228\jna1378321032869248876.dll
Event: 45.780 Loaded shared library C:\Users\hilde\.vscode\extensions\redhat.java-1.54.0-win32-x64\jre\21.0.10-win32-x86_64\bin\sunmscapi.dll
Event: 47.236 Loaded shared library C:\Users\hilde\.vscode\extensions\redhat.java-1.54.0-win32-x64\jre\21.0.10-win32-x86_64\bin\extnet.dll

Deoptimization events (20 events):
Event: 6160.757 Thread 0x000001967b77eb20 Uncommon trap: trap_request=0xffffffd6 fr.pc=0x000001962a4d15c4 relative=0x0000000000000304
Event: 6160.759 Thread 0x000001967b77eb20 Uncommon trap: reason=array_check action=maybe_recompile pc=0x000001962a4d15c4 method=java.util.concurrent.ScheduledThreadPoolExecutor$DelayedWorkQueue.offer(Ljava/lang/Runnable;)Z @ 65 c2
Event: 6160.759 Thread 0x000001967b77eb20 DEOPT PACKING pc=0x000001962a4d15c4 sp=0x0000003a0fcfee70
Event: 6160.763 Thread 0x000001967b77eb20 DEOPT UNPACKING pc=0x00000196285d3aa2 sp=0x0000003a0fcfed10 mode 2
Event: 6161.750 Thread 0x000001967b77eb20 Uncommon trap: trap_request=0xffffffd6 fr.pc=0x000001962a4d15c4 relative=0x0000000000000304
Event: 6161.750 Thread 0x000001967b77eb20 Uncommon trap: reason=array_check action=maybe_recompile pc=0x000001962a4d15c4 method=java.util.concurrent.ScheduledThreadPoolExecutor$DelayedWorkQueue.offer(Ljava/lang/Runnable;)Z @ 65 c2
Event: 6161.750 Thread 0x000001967b77eb20 DEOPT PACKING pc=0x000001962a4d15c4 sp=0x0000003a0fcfee70
Event: 6161.750 Thread 0x000001967b77eb20 DEOPT UNPACKING pc=0x00000196285d3aa2 sp=0x0000003a0fcfed10 mode 2
Event: 6162.747 Thread 0x000001967b77eb20 Uncommon trap: trap_request=0xffffffd6 fr.pc=0x000001962a4d15c4 relative=0x0000000000000304
Event: 6162.747 Thread 0x000001967b77eb20 Uncommon trap: reason=array_check action=maybe_recompile pc=0x000001962a4d15c4 method=java.util.concurrent.ScheduledThreadPoolExecutor$DelayedWorkQueue.offer(Ljava/lang/Runnable;)Z @ 65 c2
Event: 6162.747 Thread 0x000001967b77eb20 DEOPT PACKING pc=0x000001962a4d15c4 sp=0x0000003a0fcfee70
Event: 6162.747 Thread 0x000001967b77eb20 DEOPT UNPACKING pc=0x00000196285d3aa2 sp=0x0000003a0fcfed10 mode 2
Event: 6163.742 Thread 0x000001967b77eb20 Uncommon trap: trap_request=0xffffffd6 fr.pc=0x000001962a4d15c4 relative=0x0000000000000304
Event: 6163.742 Thread 0x000001967b77eb20 Uncommon trap: reason=array_check action=maybe_recompile pc=0x000001962a4d15c4 method=java.util.concurrent.ScheduledThreadPoolExecutor$DelayedWorkQueue.offer(Ljava/lang/Runnable;)Z @ 65 c2
Event: 6163.742 Thread 0x000001967b77eb20 DEOPT PACKING pc=0x000001962a4d15c4 sp=0x0000003a0fcfee70
Event: 6163.743 Thread 0x000001967b77eb20 DEOPT UNPACKING pc=0x00000196285d3aa2 sp=0x0000003a0fcfed10 mode 2
Event: 68141.315 Thread 0x000001967b41d870 DEOPT PACKING pc=0x0000019624016e44 sp=0x0000003a0c7fdd10
Event: 68141.320 Thread 0x000001967b41d870 DEOPT UNPACKING pc=0x00000196285d4242 sp=0x0000003a0c7fd190 mode 0
Event: 68141.592 Thread 0x000001967b41d870 DEOPT PACKING pc=0x0000019624016e44 sp=0x0000003a0c7fdd10
Event: 68141.593 Thread 0x000001967b41d870 DEOPT UNPACKING pc=0x00000196285d4242 sp=0x0000003a0c7fd190 mode 0

Classes loaded (20 events):
Event: 3077.184 Loading class jdk/internal/module/IllegalAccessLogger
Event: 3077.193 Loading class jdk/internal/module/IllegalAccessLogger done
Event: 3077.539 Loading class jdk/internal/module/IllegalAccessLogger
Event: 3077.539 Loading class jdk/internal/module/IllegalAccessLogger done
Event: 3581.205 Loading class jdk/internal/module/IllegalAccessLogger
Event: 3581.212 Loading class jdk/internal/module/IllegalAccessLogger done
Event: 3583.921 Loading class jdk/internal/module/IllegalAccessLogger
Event: 3583.921 Loading class jdk/internal/module/IllegalAccessLogger done
Event: 3636.756 Loading class java/util/regex/Pattern$Behind
Event: 3636.764 Loading class java/util/regex/Pattern$Behind done
Event: 3636.767 Loading class java/util/regex/Pattern$Neg
Event: 3636.768 Loading class java/util/regex/Pattern$Neg done
Event: 3660.316 Loading class java/lang/StringLatin1$CharsSpliterator
Event: 3660.320 Loading class java/lang/StringLatin1$CharsSpliterator done
Event: 3762.399 Loading class jdk/internal/module/IllegalAccessLogger
Event: 3762.401 Loading class jdk/internal/module/IllegalAccessLogger done
Event: 3847.275 Loading class jdk/internal/module/IllegalAccessLogger
Event: 3847.280 Loading class jdk/internal/module/IllegalAccessLogger done
Event: 3936.599 Loading class jdk/internal/module/IllegalAccessLogger
Event: 3936.599 Loading class jdk/internal/module/IllegalAccessLogger done

Classes unloaded (20 events):
Event: 3714.898 Thread 0x000001961dd0c880 Unloading class 0x000001963600d800 'java/lang/invoke/LambdaForm$MH+0x000001963600d800'
Event: 3714.898 Thread 0x000001961dd0c880 Unloading class 0x000001963600d400 'java/lang/invoke/LambdaForm$MH+0x000001963600d400'
Event: 3714.898 Thread 0x000001961dd0c880 Unloading class 0x000001963600d000 'java/lang/invoke/LambdaForm$MH+0x000001963600d000'
Event: 3714.898 Thread 0x000001961dd0c880 Unloading class 0x000001963600cc00 'java/lang/invoke/LambdaForm$MH+0x000001963600cc00'
Event: 3714.898 Thread 0x000001961dd0c880 Unloading class 0x000001963600c800 'java/lang/invoke/LambdaForm$BMH+0x000001963600c800'
Event: 3714.898 Thread 0x000001961dd0c880 Unloading class 0x000001963600c000 'java/lang/invoke/LambdaForm$DMH+0x000001963600c000'
Event: 3714.899 Thread 0x000001961dd0c880 Unloading class 0x0000019636008c00 'java/lang/invoke/LambdaForm$MH+0x0000019636008c00'
Event: 3714.899 Thread 0x000001961dd0c880 Unloading class 0x0000019636008800 'java/lang/invoke/LambdaForm$MH+0x0000019636008800'
Event: 3714.899 Thread 0x000001961dd0c880 Unloading class 0x0000019636008400 'java/lang/invoke/LambdaForm$MH+0x0000019636008400'
Event: 3714.901 Thread 0x000001961dd0c880 Unloading class 0x0000019636007000 'java/lang/invoke/LambdaForm$MH+0x0000019636007000'
Event: 3714.902 Thread 0x000001961dd0c880 Unloading class 0x0000019636006800 'java/lang/invoke/LambdaForm$MH+0x0000019636006800'
Event: 3714.902 Thread 0x000001961dd0c880 Unloading class 0x0000019636006400 'java/lang/invoke/LambdaForm$MH+0x0000019636006400'
Event: 3714.902 Thread 0x000001961dd0c880 Unloading class 0x0000019636006000 'java/lang/invoke/LambdaForm$MH+0x0000019636006000'
Event: 3714.902 Thread 0x000001961dd0c880 Unloading class 0x0000019636005c00 'java/lang/invoke/LambdaForm$BMH+0x0000019636005c00'
Event: 3714.903 Thread 0x000001961dd0c880 Unloading class 0x0000019636004800 'java/lang/invoke/LambdaForm$DMH+0x0000019636004800'
Event: 3714.903 Thread 0x000001961dd0c880 Unloading class 0x0000019636002800 'java/lang/invoke/LambdaForm$MH+0x0000019636002800'
Event: 3714.904 Thread 0x000001961dd0c880 Unloading class 0x0000019636002400 'java/lang/invoke/LambdaForm$MH+0x0000019636002400'
Event: 3714.904 Thread 0x000001961dd0c880 Unloading class 0x0000019636002000 'java/lang/invoke/LambdaForm$MH+0x0000019636002000'
Event: 3714.904 Thread 0x000001961dd0c880 Unloading class 0x0000019636001800 'java/lang/invoke/LambdaForm$MH+0x0000019636001800'
Event: 3714.904 Thread 0x000001961dd0c880 Unloading class 0x0000019636000400 'java/lang/invoke/LambdaForm$MH+0x0000019636000400'

Classes redefined (0 events):
No events

Internal exceptions (20 events):
Event: 3937.222 Thread 0x000001967b784700 Exception <a 'sun/nio/fs/WindowsException'{0x00000000d587afb0}> (0x00000000d587afb0) 
thrown [s\src\hotspot\share\prims\jni.cpp, line 520]
Event: 3937.222 Thread 0x000001967b784700 Exception <a 'sun/nio/fs/WindowsException'{0x00000000d587b878}> (0x00000000d587b878) 
thrown [s\src\hotspot\share\prims\jni.cpp, line 520]
Event: 3937.239 Thread 0x000001967b784700 Exception <a 'sun/nio/fs/WindowsException'{0x00000000d587d000}> (0x00000000d587d000) 
thrown [s\src\hotspot\share\prims\jni.cpp, line 520]
Event: 3937.239 Thread 0x000001967b784700 Exception <a 'sun/nio/fs/WindowsException'{0x00000000d587d618}> (0x00000000d587d618) 
thrown [s\src\hotspot\share\prims\jni.cpp, line 520]
Event: 3937.252 Thread 0x000001967b784700 Exception <a 'sun/nio/fs/WindowsException'{0x00000000d589ba58}> (0x00000000d589ba58) 
thrown [s\src\hotspot\share\prims\jni.cpp, line 520]
Event: 3937.253 Thread 0x000001967b784700 Exception <a 'sun/nio/fs/WindowsException'{0x00000000d589c320}> (0x00000000d589c320) 
thrown [s\src\hotspot\share\prims\jni.cpp, line 520]
Event: 3938.896 Thread 0x000001967c76d6c0 Exception <a 'sun/nio/fs/WindowsException'{0x00000000d58dd3d8}> (0x00000000d58dd3d8) 
thrown [s\src\hotspot\share\prims\jni.cpp, line 520]
Event: 3938.897 Thread 0x000001967c76d6c0 Exception <a 'sun/nio/fs/WindowsException'{0x00000000d58dda68}> (0x00000000d58dda68) 
thrown [s\src\hotspot\share\prims\jni.cpp, line 520]
Event: 4181.314 Thread 0x000001967b781910 Exception <a 'sun/nio/fs/WindowsException'{0x00000000d598f7d0}> (0x00000000d598f7d0) 
thrown [s\src\hotspot\share\prims\jni.cpp, line 520]
Event: 4181.334 Thread 0x000001967b781910 Exception <a 'sun/nio/fs/WindowsException'{0x00000000d59900b8}> (0x00000000d59900b8) 
thrown [s\src\hotspot\share\prims\jni.cpp, line 520]
Event: 68173.928 Thread 0x000001967b41d870 Exception <a 'sun/nio/fs/WindowsException'{0x00000000d5941748}> (0x00000000d5941748) 
thrown [s\src\hotspot\share\prims\jni.cpp, line 520]
Event: 68173.942 Thread 0x000001967b41d870 Exception <a 'sun/nio/fs/WindowsException'{0x00000000d5942030}> (0x00000000d5942030) 
thrown [s\src\hotspot\share\prims\jni.cpp, line 520]
Event: 68173.948 Thread 0x000001967b41d870 Exception <a 'sun/nio/fs/WindowsException'{0x00000000d5942d48}> (0x00000000d5942d48) 
thrown [s\src\hotspot\share\prims\jni.cpp, line 520]
Event: 68173.948 Thread 0x000001967b41d870 Exception <a 'sun/nio/fs/WindowsException'{0x00000000d5943610}> (0x00000000d5943610) 
thrown [s\src\hotspot\share\prims\jni.cpp, line 520]
Event: 68173.971 Thread 0x000001967b41d870 Exception <a 'sun/nio/fs/WindowsException'{0x00000000d5944fd8}> (0x00000000d5944fd8) 
thrown [s\src\hotspot\share\prims\jni.cpp, line 520]
Event: 68173.971 Thread 0x000001967b41d870 Exception <a 'sun/nio/fs/WindowsException'{0x00000000d59455f0}> (0x00000000d59455f0) 
thrown [s\src\hotspot\share\prims\jni.cpp, line 520]
Event: 68174.878 Thread 0x000001967b41d870 Exception <a 'sun/nio/fs/WindowsException'{0x00000000d59637f0}> (0x00000000d59637f0) 
thrown [s\src\hotspot\share\prims\jni.cpp, line 520]
Event: 68174.880 Thread 0x000001967b41d870 Exception <a 'sun/nio/fs/WindowsException'{0x00000000d59640b8}> (0x00000000d59640b8) 
thrown [s\src\hotspot\share\prims\jni.cpp, line 520]
Event: 68186.312 Thread 0x000001967b782630 Exception <a 'sun/nio/fs/WindowsException'{0x00000000d599cbf8}> (0x00000000d599cbf8) 
thrown [s\src\hotspot\share\prims\jni.cpp, line 520]
Event: 68186.318 Thread 0x000001967b782630 Exception <a 'sun/nio/fs/WindowsException'{0x00000000d599f7f8}> (0x00000000d599f7f8) 
thrown [s\src\hotspot\share\prims\jni.cpp, line 520]

ZGC Phase Switch (0 events):
No events

VM Operations (20 events):
Event: 68173.884 Executing safepoint VM operation: Cleanup
Event: 68173.885 Executing safepoint VM operation: Cleanup done
Event: 68182.957 Executing safepoint VM operation: ParallelGCFailedAllocation (Allocation Failure)
Event: 68182.991 Executing safepoint VM operation: ParallelGCFailedAllocation (Allocation Failure) done
Event: 68207.886 Executing non-safepoint VM operation: HandshakeAllThreads (HandshakeForDeflation)
Event: 68207.886 Executing non-safepoint VM operation: HandshakeAllThreads (HandshakeForDeflation) done
Event: 68207.886 Executing non-safepoint VM operation: RendezvousGCThreads
Event: 68207.886 Executing non-safepoint VM operation: RendezvousGCThreads done
Event: 68268.021 Executing non-safepoint VM operation: HandshakeAllThreads (HandshakeForDeflation)
Event: 68268.021 Executing non-safepoint VM operation: HandshakeAllThreads (HandshakeForDeflation) done
Event: 68268.021 Executing non-safepoint VM operation: RendezvousGCThreads
Event: 68268.021 Executing non-safepoint VM operation: RendezvousGCThreads done
Event: 68328.220 Executing non-safepoint VM operation: HandshakeAllThreads (HandshakeForDeflation)
Event: 68328.234 Executing non-safepoint VM operation: HandshakeAllThreads (HandshakeForDeflation) done
Event: 68328.237 Executing non-safepoint VM operation: RendezvousGCThreads
Event: 68328.237 Executing non-safepoint VM operation: RendezvousGCThreads done
Event: 68448.712 Executing non-safepoint VM operation: HandshakeAllThreads (HandshakeForDeflation)
Event: 68448.720 Executing non-safepoint VM operation: HandshakeAllThreads (HandshakeForDeflation) done
Event: 68448.722 Executing non-safepoint VM operation: RendezvousGCThreads
Event: 68448.722 Executing non-safepoint VM operation: RendezvousGCThreads done

Memory protections (0 events):
No events

Nmethod flushes (20 events):
Event: 3717.648 Thread 0x000001961dd0c880 flushing  nmethod 0x0000019623daeb90
Event: 3717.648 Thread 0x000001961dd0c880 flushing  nmethod 0x0000019623db1f90
Event: 3717.648 Thread 0x000001961dd0c880 flushing  nmethod 0x0000019623de5210
Event: 3717.649 Thread 0x000001961dd0c880 flushing  nmethod 0x0000019623dec790
Event: 3717.649 Thread 0x000001961dd0c880 flushing  nmethod 0x0000019623dedb10
Event: 3717.650 Thread 0x000001961dd0c880 flushing  nmethod 0x0000019623e1b410
Event: 3717.651 Thread 0x000001961dd0c880 flushing  nmethod 0x0000019623e23810
Event: 3717.651 Thread 0x000001961dd0c880 flushing  nmethod 0x0000019623e7c890
Event: 3717.651 Thread 0x000001961dd0c880 flushing  nmethod 0x0000019623e81c90
Event: 3717.651 Thread 0x000001961dd0c880 flushing  nmethod 0x0000019623e82990
Event: 3717.651 Thread 0x000001961dd0c880 flushing  nmethod 0x0000019623e89e10
Event: 3717.651 Thread 0x000001961dd0c880 flushing  nmethod 0x0000019623e90a10
Event: 3717.651 Thread 0x000001961dd0c880 flushing  nmethod 0x0000019623e92b90
Event: 3717.651 Thread 0x000001961dd0c880 flushing  nmethod 0x0000019623eb5010
Event: 3717.652 Thread 0x000001961dd0c880 flushing  nmethod 0x0000019623ebc190
Event: 3717.652 Thread 0x000001961dd0c880 flushing  nmethod 0x0000019623f07190
Event: 3717.652 Thread 0x000001961dd0c880 flushing  nmethod 0x0000019623f1de90
Event: 3717.652 Thread 0x000001961dd0c880 flushing  nmethod 0x0000019623f5a310
Event: 3717.652 Thread 0x000001961dd0c880 flushing  nmethod 0x0000019623f5bc90
Event: 3717.652 Thread 0x000001961dd0c880 flushing  nmethod 0x0000019623f5d190

Events (20 events):
Event: 61030.043 Thread 0x000001967cea1770 Thread added: 0x000001967b41b7a0
Event: 61091.850 Thread 0x000001967b41d870 Thread exited: 0x000001967b41d870
Event: 61170.407 Thread 0x000001967b41b7a0 Thread exited: 0x000001967b41b7a0
Event: 61230.409 Thread 0x000001967b41e590 Thread exited: 0x000001967b41e590
Event: 61600.163 Thread 0x000001967cea1770 Thread added: 0x000001967b41b7a0
Event: 61706.410 Thread 0x000001967b41b7a0 Thread exited: 0x000001967b41b7a0
Event: 68013.107 Thread 0x000001967cea1770 Thread added: 0x000001967b41b7a0
Event: 68013.370 Thread 0x000001967cea1770 Thread added: 0x000001967b41d870
Event: 68080.620 Thread 0x000001967b41d870 Thread exited: 0x000001967b41d870
Event: 68140.906 Thread 0x000001967cea1770 Thread added: 0x000001967b41d870
Event: 68141.311 Thread 0x000001967b41d870 Thread added: 0x000001967b41e590
Event: 68170.237 Thread 0x000001967c76d6c0 Thread exited: 0x000001967c76d6c0
Event: 68186.147 Thread 0x000001967c76d030 Thread added: 0x000001967b782630
Event: 68186.373 Thread 0x000001967b782630 Thread added: 0x000001967b780560
Event: 68186.425 Thread 0x000001967c76d030 Thread added: 0x000001967b781280
Event: 68186.428 Thread 0x000001967b780560 Thread exited: 0x000001967b780560
Event: 68186.929 Thread 0x000001967b781280 Thread exited: 0x000001967b781280
Event: 68246.069 Thread 0x000001967b41d870 Thread exited: 0x000001967b41d870
Event: 68306.039 Thread 0x000001967b41b7a0 Thread exited: 0x000001967b41b7a0
Event: 68388.386 Thread 0x000001967b41e590 Thread exited: 0x000001967b41e590


Dynamic libraries:
0x00007ff61f7c0000 - 0x00007ff61f7ce000 	c:\Users\hilde\.vscode\extensions\redhat.java-1.54.0-win32-x64\jre\21.0.10-win32-x86_64\bin\java.exe
0x00007ff9712d0000 - 0x00007ff9714c8000 	C:\WINDOWS\SYSTEM32\ntdll.dll
0x00007ff96fd50000 - 0x00007ff96fe12000 	C:\WINDOWS\System32\KERNEL32.DLL
0x00007ff96ee90000 - 0x00007ff96f186000 	C:\WINDOWS\System32\KERNELBASE.dll
0x00007ff96ed00000 - 0x00007ff96ee00000 	C:\WINDOWS\System32\ucrtbase.dll
0x00007ff96b920000 - 0x00007ff96b938000 	c:\Users\hilde\.vscode\extensions\redhat.java-1.54.0-win32-x64\jre\21.0.10-win32-x86_64\bin\jli.dll
0x00007ff96b900000 - 0x00007ff96b91e000 	c:\Users\hilde\.vscode\extensions\redhat.java-1.54.0-win32-x64\jre\21.0.10-win32-x86_64\bin\VCRUNTIME140.dll
0x00007ff970ac0000 - 0x00007ff970c61000 	C:\WINDOWS\System32\USER32.dll
0x00007ff96eb30000 - 0x00007ff96eb52000 	C:\WINDOWS\System32\win32u.dll
0x00007ff95c6d0000 - 0x00007ff95c96b000 	C:\WINDOWS\WinSxS\amd64_microsoft.windows.common-controls_6595b64144ccf1df_6.0.19041.6456_none_60b8a6cb71f64256\COMCTL32.dll
0x00007ff970de0000 - 0x00007ff970e0b000 	C:\WINDOWS\System32\GDI32.dll
0x00007ff96ff50000 - 0x00007ff96ffee000 	C:\WINDOWS\System32\msvcrt.dll
0x00007ff96ebe0000 - 0x00007ff96ecf9000 	C:\WINDOWS\System32\gdi32full.dll
0x00007ff96e960000 - 0x00007ff96e9fd000 	C:\WINDOWS\System32\msvcp_win.dll
0x00007ff970250000 - 0x00007ff97027f000 	C:\WINDOWS\System32\IMM32.DLL
0x00007ff96bb50000 - 0x00007ff96bb5c000 	c:\Users\hilde\.vscode\extensions\redhat.java-1.54.0-win32-x64\jre\21.0.10-win32-x86_64\bin\vcruntime140_1.dll
0x00007ff95fe30000 - 0x00007ff95febd000 	c:\Users\hilde\.vscode\extensions\redhat.java-1.54.0-win32-x64\jre\21.0.10-win32-x86_64\bin\msvcp140.dll
0x00007ff91bd40000 - 0x00007ff91cae1000 	c:\Users\hilde\.vscode\extensions\redhat.java-1.54.0-win32-x64\jre\21.0.10-win32-x86_64\bin\server\jvm.dll
0x00007ff96fb10000 - 0x00007ff96fbc1000 	C:\WINDOWS\System32\ADVAPI32.dll
0x00007ff970d40000 - 0x00007ff970ddf000 	C:\WINDOWS\System32\sechost.dll
0x00007ff970050000 - 0x00007ff970170000 	C:\WINDOWS\System32\RPCRT4.dll
0x00007ff96eab0000 - 0x00007ff96ead7000 	C:\WINDOWS\System32\bcrypt.dll
0x00007ff9702e0000 - 0x00007ff97034b000 	C:\WINDOWS\System32\WS2_32.dll
0x00007ff96e7c0000 - 0x00007ff96e80b000 	C:\WINDOWS\SYSTEM32\POWRPROF.dll
0x00007ff95acd0000 - 0x00007ff95acf7000 	C:\WINDOWS\SYSTEM32\WINMM.dll
0x00007ff962640000 - 0x00007ff96264a000 	C:\WINDOWS\SYSTEM32\VERSION.dll
0x00007ff96e7a0000 - 0x00007ff96e7b2000 	C:\WINDOWS\SYSTEM32\UMPDC.dll
0x00007ff96c7d0000 - 0x00007ff96c7e2000 	C:\WINDOWS\SYSTEM32\kernel.appcore.dll
0x00007ff96b8c0000 - 0x00007ff96b8ca000 	c:\Users\hilde\.vscode\extensions\redhat.java-1.54.0-win32-x64\jre\21.0.10-win32-x86_64\bin\jimage.dll
0x00007ff95c9b0000 - 0x00007ff95cbb1000 	C:\WINDOWS\SYSTEM32\DBGHELP.DLL
0x00007ff95c970000 - 0x00007ff95c9a4000 	C:\WINDOWS\SYSTEM32\dbgcore.DLL
0x00007ff96ee00000 - 0x00007ff96ee82000 	C:\WINDOWS\System32\bcryptPrimitives.dll
0x00007ff96b8b0000 - 0x00007ff96b8bf000 	c:\Users\hilde\.vscode\extensions\redhat.java-1.54.0-win32-x64\jre\21.0.10-win32-x86_64\bin\instrument.dll
0x00007ff96a5e0000 - 0x00007ff96a600000 	c:\Users\hilde\.vscode\extensions\redhat.java-1.54.0-win32-x64\jre\21.0.10-win32-x86_64\bin\java.dll
0x00007ff970350000 - 0x00007ff970ac0000 	C:\WINDOWS\System32\SHELL32.dll
0x00007ff96c9d0000 - 0x00007ff96d175000 	C:\WINDOWS\SYSTEM32\windows.storage.dll
0x00007ff96f4f0000 - 0x00007ff96f844000 	C:\WINDOWS\System32\combase.dll
0x00007ff96e2b0000 - 0x00007ff96e2db000 	C:\WINDOWS\SYSTEM32\Wldp.dll
0x00007ff96fc80000 - 0x00007ff96fd4d000 	C:\WINDOWS\System32\OLEAUT32.dll
0x00007ff96fbd0000 - 0x00007ff96fc7d000 	C:\WINDOWS\System32\SHCORE.dll
0x00007ff970280000 - 0x00007ff9702db000 	C:\WINDOWS\System32\shlwapi.dll
0x00007ff96e890000 - 0x00007ff96e8b4000 	C:\WINDOWS\SYSTEM32\profapi.dll
0x00007ff966d70000 - 0x00007ff966d88000 	c:\Users\hilde\.vscode\extensions\redhat.java-1.54.0-win32-x64\jre\21.0.10-win32-x86_64\bin\zip.dll
0x00007ff96b8a0000 - 0x00007ff96b8b0000 	C:\Users\hilde\.vscode\extensions\redhat.java-1.54.0-win32-x64\jre\21.0.10-win32-x86_64\bin\net.dll
0x00007ff968b70000 - 0x00007ff968c7a000 	C:\WINDOWS\SYSTEM32\WINHTTP.dll
0x00007ff96e010000 - 0x00007ff96e07a000 	C:\WINDOWS\system32\mswsock.dll
0x00007ff95fd90000 - 0x00007ff95fda6000 	C:\Users\hilde\.vscode\extensions\redhat.java-1.54.0-win32-x64\jre\21.0.10-win32-x86_64\bin\nio.dll
0x00007ff96b860000 - 0x00007ff96b870000 	c:\Users\hilde\.vscode\extensions\redhat.java-1.54.0-win32-x64\jre\21.0.10-win32-x86_64\bin\verify.dll
0x00007ff95c1a0000 - 0x00007ff95c1e5000 	C:\Users\hilde\AppData\Roaming\Code\User\globalStorage\redhat.java\1.54.0\config_win\org.eclipse.equinox.launcher\org.eclipse.equinox.launcher.win32.win32.x86_64_1.3.0.v20260203-2149\eclipse_11919.dll
0x00007ff96fe20000 - 0x00007ff96ff4b000 	C:\WINDOWS\System32\ole32.dll
0x00007ff969d00000 - 0x00007ff969d0a000 	C:\Users\hilde\.vscode\extensions\redhat.java-1.54.0-win32-x64\jre\21.0.10-win32-x86_64\bin\management.dll
0x00007ff9695c0000 - 0x00007ff9695cc000 	C:\Users\hilde\.vscode\extensions\redhat.java-1.54.0-win32-x64\jre\21.0.10-win32-x86_64\bin\management_ext.dll
0x00007ff96fb00000 - 0x00007ff96fb08000 	C:\WINDOWS\System32\PSAPI.DLL
0x00007ff96e200000 - 0x00007ff96e218000 	C:\WINDOWS\SYSTEM32\CRYPTSP.dll
0x00007ff96d930000 - 0x00007ff96d968000 	C:\WINDOWS\system32\rsaenh.dll
0x00007ff96e850000 - 0x00007ff96e87e000 	C:\WINDOWS\SYSTEM32\USERENV.dll
0x00007ff96e220000 - 0x00007ff96e22c000 	C:\WINDOWS\SYSTEM32\CRYPTBASE.dll
0x00007ff96dcf0000 - 0x00007ff96dd2b000 	C:\WINDOWS\SYSTEM32\IPHLPAPI.DLL
0x00007ff971280000 - 0x00007ff971288000 	C:\WINDOWS\System32\NSI.dll
0x00007ff95b980000 - 0x00007ff95b9c9000 	C:\Users\hilde\AppData\Local\Temp\jna-99281228\jna1378321032869248876.dll
0x00007ff965a10000 - 0x00007ff965a27000 	C:\WINDOWS\SYSTEM32\dhcpcsvc6.DLL
0x00007ff966660000 - 0x00007ff96667d000 	C:\WINDOWS\SYSTEM32\dhcpcsvc.DLL
0x00007ff967bf0000 - 0x00007ff967bfe000 	C:\Users\hilde\.vscode\extensions\redhat.java-1.54.0-win32-x64\jre\21.0.10-win32-x86_64\bin\sunmscapi.dll
0x00007ff96f190000 - 0x00007ff96f2ed000 	C:\WINDOWS\System32\CRYPT32.dll
0x00007ff96e320000 - 0x00007ff96e347000 	C:\WINDOWS\SYSTEM32\ncrypt.dll
0x00007ff96e2e0000 - 0x00007ff96e31b000 	C:\WINDOWS\SYSTEM32\NTASN1.dll
0x00007ff96dd30000 - 0x00007ff96ddfa000 	C:\WINDOWS\SYSTEM32\DNSAPI.dll
0x00007ff9654d0000 - 0x00007ff9654da000 	C:\Windows\System32\rasadhlp.dll
0x00007ff9633f0000 - 0x00007ff963470000 	C:\WINDOWS\System32\fwpuclnt.dll
0x00007ff967380000 - 0x00007ff967389000 	C:\Users\hilde\.vscode\extensions\redhat.java-1.54.0-win32-x64\jre\21.0.10-win32-x86_64\bin\extnet.dll
0x00007ff967100000 - 0x00007ff967107000 	C:\WINDOWS\system32\wshunix.dll

JVMTI agents:
c:\Users\hilde\.vscode\extensions\redhat.java-1.54.0-win32-x64\lombok\lombok-1.18.39-4050.jar path:c:\Users\hilde\.vscode\extensions\redhat.java-1.54.0-win32-x64\jre\21.0.10-win32-x86_64\bin\instrument.dll, loaded, initialized, instrumentlib options:none

dbghelp: loaded successfully - version: 4.0.5 - missing functions: none
symbol engine: initialized successfully - sym options: 0x614 - pdb path: .;c:\Users\hilde\.vscode\extensions\redhat.java-1.54.0-win32-x64\jre\21.0.10-win32-x86_64\bin;C:\WINDOWS\SYSTEM32;C:\WINDOWS\WinSxS\amd64_microsoft.windows.common-controls_6595b64144ccf1df_6.0.19041.6456_none_60b8a6cb71f64256;c:\Users\hilde\.vscode\extensions\redhat.java-1.54.0-win32-x64\jre\21.0.10-win32-x86_64\bin\server;C:\Users\hilde\AppData\Roaming\Code\User\globalStorage\redhat.java\1.54.0\config_win\org.eclipse.equinox.launcher\org.eclipse.equinox.launcher.win32.win32.x86_64_1.3.0.v20260203-2149;C:\Users\hilde\AppData\Local\Temp\jna-99281228

VM Arguments:
jvm_args: --add-modules=ALL-SYSTEM --add-opens=java.base/java.util=ALL-UNNAMED --add-opens=java.base/java.lang=ALL-UNNAMED --add-opens=java.base/sun.nio.fs=ALL-UNNAMED -Declipse.application=org.eclipse.jdt.ls.core.id1 -Dosgi.bundles.defaultStartLevel=4 -Declipse.product=org.eclipse.jdt.ls.core.product -Djava.import.generatesMetadataFilesAtProjectRoot=false -DDetectVMInstallationsJob.disabled=true -Dfile.encoding=utf8 -XX:+UseParallelGC -XX:GCTimeRatio=4 -XX:AdaptiveSizePolicyWeight=90 -Dsun.zip.disableMemoryMapping=true -Xmx2G -Xms100m -Xlog:disable -javaagent:c:\Users\hilde\.vscode\extensions\redhat.java-1.54.0-win32-x64\lombok\lombok-1.18.39-4050.jar -XX:+HeapDumpOnOutOfMemoryError -XX:HeapDumpPath=c:\Users\hilde\AppData\Roaming\Code\User\workspaceStorage\356509c7eaad61859ffc207e272a6990\redhat.java -Daether.dependencyCollector.impl=bf 
java_command: c:\Users\hilde\.vscode\extensions\redhat.java-1.54.0-win32-x64\server\plugins\org.eclipse.equinox.launcher_1.7.100.v20251111-0406.jar -configuration c:\Users\hilde\AppData\Roaming\Code\User\globalStorage\redhat.java\1.54.0\config_win -data c:\Users\hilde\AppData\Roaming\Code\User\workspaceStorage\356509c7eaad61859ffc207e272a6990\redhat.java\jdt_ws --pipe=\\.\pipe\lsp-15e4acce828cbde295e47ad3df1c21fd-sock
java_class_path (initial): c:\Users\hilde\.vscode\extensions\redhat.java-1.54.0-win32-x64\server\plugins\org.eclipse.equinox.launcher_1.7.100.v20251111-0406.jar
Launcher Type: SUN_STANDARD

[Global flags]
    uintx AdaptiveSizePolicyWeight                 = 90                                        {product} {command line}
     intx CICompilerCount                          = 3                                         {product} {ergonomic}
    uintx GCTimeRatio                              = 4                                         {product} {command line}
     bool HeapDumpOnOutOfMemoryError               = true                                   {manageable} {command line}
    ccstr HeapDumpPath                             = c:\Users\hilde\AppData\Roaming\Code\User\workspaceStorage\356509c7eaad61859ffc207e272a6990\redhat.java         {manageable} {command line}
   size_t InitialHeapSize                          = 104857600                                 {product} {command line}
   size_t MaxHeapSize                              = 2147483648                                {product} {command line}
   size_t MaxNewSize                               = 715653120                                 {product} {ergonomic}
   size_t MinHeapDeltaBytes                        = 524288                                    {product} {ergonomic}
   size_t MinHeapSize                              = 104857600                                 {product} {command line}
   size_t NewSize                                  = 34603008                                  {product} {ergonomic}
    uintx NonNMethodCodeHeapSize                   = 5832780                                {pd product} {ergonomic}
    uintx NonProfiledCodeHeapSize                  = 122912730                              {pd product} {ergonomic}
   size_t OldSize                                  = 70254592                                  {product} {ergonomic}
    uintx ProfiledCodeHeapSize                     = 122912730                              {pd product} {ergonomic}
    uintx ReservedCodeCacheSize                    = 251658240                              {pd product} {ergonomic}
     bool SegmentedCodeCache                       = true                                      {product} {ergonomic}
   size_t SoftMaxHeapSize                          = 2147483648                             {manageable} {ergonomic}
     bool UseCompressedOops                        = true                           {product lp64_product} {ergonomic}
     bool UseLargePagesIndividualAllocation        = false                                  {pd product} {ergonomic}
     bool UseParallelGC                            = true                                      {product} {command line}

Logging:
Log output configuration:
 #0: stdout all=off uptime,level,tags foldmultilines=false
 #1: stderr all=off uptime,level,tags foldmultilines=false

Release file:
JAVA_VERSION="21.0.10" 
MODULES="java.base java.compiler java.datatransfer java.xml java.prefs java.desktop java.instrument java.logging java.management java.security.sasl java.naming java.rmi java.management.rmi java.net.http java.scripting java.security.jgss java.transaction.xa java.sql java.sql.rowset java.xml.crypto java.se java.smartcardio jdk.accessibility jdk.internal.jvmstat jdk.attach jdk.charsets jdk.internal.opt jdk.zipfs jdk.compiler jdk.crypto.ec jdk.crypto.cryptoki jdk.crypto.mscapi jdk.dynalink jdk.internal.ed jdk.editpad jdk.hotspot.agent jdk.httpserver jdk.internal.le jdk.internal.vm.ci jdk.internal.vm.compiler jdk.internal.vm.compiler.management jdk.jartool jdk.javadoc jdk.jcmd jdk.management jdk.management.agent jdk.jconsole jdk.jdeps jdk.jdwp.agent jdk.jdi jdk.jfr jdk.jshell jdk.jsobject jdk.jstatd jdk.localedata jdk.management.jfr jdk.naming.dns jdk.naming.rmi jdk.net jdk.nio.mapmode jdk.random jdk.sctp jdk.security.auth jdk.security.jgss jdk.unsupported jdk.unsupported.desktop jdk.xml.dom" 

Environment Variables:
JAVA_HOME=C:\Program Files\Java\jdk-17
PATH=C:\Users\hilde\AppData\Local\Programs\Microsoft VS Code;C:\Python314\Scripts\;C:\Python314\;C:\Program Files\Common Files\Oracle\Java\javapath;C:\WINDOWS\system32;C:\WINDOWS;C:\WINDOWS\System32\Wbem;C:\WINDOWS\System32\WindowsPowerShell\v1.0\;C:\WINDOWS\System32\OpenSSH\;C:\Program Files\Java\jdk-17\bin;C:\Program Files\Git\cmd;C:\Program Files (x86)\dotnet\;C:\ProgramData\chocolatey\bin;C:\apache-maven-3.9.11\bin;C:\Program Files\nodejs\;\\?\C:\Users\hilde\AppData\Local\Programs\Jan\resources\bin;C:\Users\hilde\AppData\Local\Microsoft\WindowsApps;C:\Program Files\Java\jdk-17\bin;C:\Users\hilde\AppData\Local\Programs\Microsoft VS Code\bin;C:\Projetos\Back\bootcampJava\MiniCalculadora;C:\apache-maven-3.9.11\bin;C:\Users\hilde\AppData\Roaming\npm
USERNAME=hilde
OS=Windows_NT
PROCESSOR_IDENTIFIER=Intel64 Family 6 Model 42 Stepping 7, GenuineIntel
TMP=C:\Users\hilde\AppData\Local\Temp
TEMP=C:\Users\hilde\AppData\Local\Temp




Periodic native trim disabled

---------------  S Y S T E M  ---------------

OS:
 Windows 10 , 64 bit Build 19041 (10.0.19041.5915)
OS uptime: 2 days 22:49 hours

CPU: total 4 (initial active 4) (2 cores per cpu, 2 threads per core) family 6 model 42 stepping 7 microcode 0x2f, cx8, cmov, fxsr, ht, mmx, sse, sse2, sse3, ssse3, sse4.1, sse4.2, popcnt, tsc, tscinvbit, avx, clmul, vzeroupper, clflush, rdtscp
Processor Information for the first 4 processors :
  Max Mhz: 2200, Current Mhz: 1300, Mhz Limit: 2200

Memory: 4k page, system-wide physical 3989M (266M free)
TotalPageFile size 16277M (AvailPageFile size 26M)
current process WorkingSet (physical memory assigned to process): 8M, peak: 975M
current process commit charge ("private bytes"): 1710M, peak: 1747M

vm_info: OpenJDK 64-Bit Server VM (21.0.10+7-LTS) for windows-amd64 JRE (21.0.10+7-LTS), built on 2026-01-20T00:00:00Z by "admin" with MS VC++ 17.12 (VS2022)

END.
